wandb: Currently logged in as: fabianlucasbosshard (fabianlucasbosshard-zhaw) to https://api.wandb.ai. Use `wandb login --relogin` to force relogin
wandb: Currently logged in as: fabianlucasbosshard (fabianlucasbosshard-zhaw) to https://api.wandb.ai. Use `wandb login --relogin` to force relogin
wandb: Currently logged in as: fabianlucasbosshard (fabianlucasbosshard-zhaw) to https://api.wandb.ai. Use `wandb login --relogin` to force relogin
wandb: Currently logged in as: fabianlucasbosshard (fabianlucasbosshard-zhaw) to https://api.wandb.ai. Use `wandb login --relogin` to force relogin
wandb: setting up run rwqp0etn
wandb: setting up run fyg3ggu2
wandb: setting up run vw0cgo4f
wandb: ERROR Error uploading run: returned error 404: {"data":{"upsertBucket":null},"errors":[{"message":"entity wandb-username not found during upsertBucket","path":["upsertBucket"]}]}
wandb: ERROR Error uploading run: returned error 404: {"data":{"upsertBucket":null},"errors":[{"message":"entity wandb-username not found during upsertBucket","path":["upsertBucket"]}]}
Traceback (most recent call last):
  File "/home/bosshf/LASER_GDL/main.py", line 140, in <module>
    run = wandb.init(entity=cfg.wandb.entity, project=cfg.wandb.project,
  File "/home/bosshf/miniconda/envs/laser/lib/python3.9/site-packages/wandb/sdk/wandb_init.py", line 1594, in init
    get_sentry().reraise(e)
  File "/home/bosshf/miniconda/envs/laser/lib/python3.9/site-packages/wandb/analytics/sentry.py", line 190, in reraise
    raise exc.with_traceback(tb)
  File "/home/bosshf/miniconda/envs/laser/lib/python3.9/site-packages/wandb/sdk/wandb_init.py", line 1577, in init
    run = wi.init(run_settings, run_config, run_printer)
  File "/home/bosshf/miniconda/envs/laser/lib/python3.9/site-packages/wandb/sdk/wandb_init.py", line 1030, in init
    raise error
wandb.errors.errors.CommError: Error uploading run: returned error 404: {"data":{"upsertBucket":null},"errors":[{"message":"entity wandb-username not found during upsertBucket","path":["upsertBucket"]}]}
Traceback (most recent call last):
  File "/home/bosshf/LASER_GDL/main.py", line 140, in <module>
    run = wandb.init(entity=cfg.wandb.entity, project=cfg.wandb.project,
  File "/home/bosshf/miniconda/envs/laser/lib/python3.9/site-packages/wandb/sdk/wandb_init.py", line 1594, in init
    get_sentry().reraise(e)
  File "/home/bosshf/miniconda/envs/laser/lib/python3.9/site-packages/wandb/analytics/sentry.py", line 190, in reraise
    raise exc.with_traceback(tb)
  File "/home/bosshf/miniconda/envs/laser/lib/python3.9/site-packages/wandb/sdk/wandb_init.py", line 1577, in init
    run = wi.init(run_settings, run_config, run_printer)
  File "/home/bosshf/miniconda/envs/laser/lib/python3.9/site-packages/wandb/sdk/wandb_init.py", line 1030, in init
    raise error
wandb.errors.errors.CommError: Error uploading run: returned error 404: {"data":{"upsertBucket":null},"errors":[{"message":"entity wandb-username not found during upsertBucket","path":["upsertBucket"]}]}
wandb: ERROR Error uploading run: returned error 404: {"data":{"upsertBucket":null},"errors":[{"message":"entity wandb-username not found during upsertBucket","path":["upsertBucket"]}]}
Traceback (most recent call last):
  File "/home/bosshf/LASER_GDL/main.py", line 140, in <module>
    run = wandb.init(entity=cfg.wandb.entity, project=cfg.wandb.project,
  File "/home/bosshf/miniconda/envs/laser/lib/python3.9/site-packages/wandb/sdk/wandb_init.py", line 1594, in init
    get_sentry().reraise(e)
  File "/home/bosshf/miniconda/envs/laser/lib/python3.9/site-packages/wandb/analytics/sentry.py", line 190, in reraise
    raise exc.with_traceback(tb)
  File "/home/bosshf/miniconda/envs/laser/lib/python3.9/site-packages/wandb/sdk/wandb_init.py", line 1577, in init
    run = wi.init(run_settings, run_config, run_printer)
  File "/home/bosshf/miniconda/envs/laser/lib/python3.9/site-packages/wandb/sdk/wandb_init.py", line 1030, in init
    raise error
wandb.errors.errors.CommError: Error uploading run: returned error 404: {"data":{"upsertBucket":null},"errors":[{"message":"entity wandb-username not found during upsertBucket","path":["upsertBucket"]}]}
wandb: ERROR Error uploading run: returned error 404: {"data":{"upsertBucket":null},"errors":[{"message":"entity wandb-username not found during upsertBucket","path":["upsertBucket"]}]}
Traceback (most recent call last):
  File "/home/bosshf/LASER_GDL/main.py", line 140, in <module>
    run = wandb.init(entity=cfg.wandb.entity, project=cfg.wandb.project,
  File "/home/bosshf/miniconda/envs/laser/lib/python3.9/site-packages/wandb/sdk/wandb_init.py", line 1594, in init
    get_sentry().reraise(e)
  File "/home/bosshf/miniconda/envs/laser/lib/python3.9/site-packages/wandb/analytics/sentry.py", line 190, in reraise
    raise exc.with_traceback(tb)
  File "/home/bosshf/miniconda/envs/laser/lib/python3.9/site-packages/wandb/sdk/wandb_init.py", line 1577, in init
    run = wi.init(run_settings, run_config, run_printer)
  File "/home/bosshf/miniconda/envs/laser/lib/python3.9/site-packages/wandb/sdk/wandb_init.py", line 1030, in init
    raise error
wandb.errors.errors.CommError: Error uploading run: returned error 404: {"data":{"upsertBucket":null},"errors":[{"message":"entity wandb-username not found during upsertBucket","path":["upsertBucket"]}]}
Traceback (most recent call last):
  File "/home/bosshf/LASER_GDL/main.py", line 187, in <module>
Traceback (most recent call last):
  File "/home/bosshf/LASER_GDL/main.py", line 187, in <module>
    bs_stats = train_dict[cfg.train.mode](loggers, loaders, model, optimizer,
  File "/home/bosshf/LASER_GDL/laser/train/custom_train.py", line 111, in custom_train
    bs_stats = train_dict[cfg.train.mode](loggers, loaders, model, optimizer,
  File "/home/bosshf/LASER_GDL/laser/train/custom_train.py", line 111, in custom_train
Traceback (most recent call last):
  File "/home/bosshf/LASER_GDL/main.py", line 187, in <module>
    train_epoch(loggers[0], loaders[0], model, optimizer, scheduler,
  File "/home/bosshf/LASER_GDL/laser/train/custom_train.py", line 26, in train_epoch
    train_epoch(loggers[0], loaders[0], model, optimizer, scheduler,
  File "/home/bosshf/LASER_GDL/laser/train/custom_train.py", line 26, in train_epoch
    pred, true = model(batch)
  File "/home/bosshf/miniconda/envs/laser/lib/python3.9/site-packages/torch/nn/modules/module.py", line 1051, in _call_impl
    pred, true = model(batch)
  File "/home/bosshf/miniconda/envs/laser/lib/python3.9/site-packages/torch/nn/modules/module.py", line 1051, in _call_impl
    bs_stats = train_dict[cfg.train.mode](loggers, loaders, model, optimizer,
  File "/home/bosshf/LASER_GDL/laser/train/custom_train.py", line 111, in custom_train
    train_epoch(loggers[0], loaders[0], model, optimizer, scheduler,
  File "/home/bosshf/LASER_GDL/laser/train/custom_train.py", line 26, in train_epoch
    pred, true = model(batch)
  File "/home/bosshf/miniconda/envs/laser/lib/python3.9/site-packages/torch/nn/modules/module.py", line 1051, in _call_impl
    return forward_call(*input, **kwargs)
  File "/home/bosshf/LASER_GDL/laser/network/dynamic_gnn.py", line 215, in forward
    return forward_call(*input, **kwargs)
  File "/home/bosshf/LASER_GDL/laser/network/dynamic_gnn.py", line 215, in forward
    return forward_call(*input, **kwargs)
  File "/home/bosshf/LASER_GDL/laser/network/dynamic_gnn.py", line 215, in forward
    batch = module(batch)
  File "/home/bosshf/miniconda/envs/laser/lib/python3.9/site-packages/torch/nn/modules/module.py", line 1051, in _call_impl
    batch = module(batch)
  File "/home/bosshf/miniconda/envs/laser/lib/python3.9/site-packages/torch/nn/modules/module.py", line 1051, in _call_impl
    return forward_call(*input, **kwargs)
  File "/home/bosshf/LASER_GDL/laser/network/dynamic_gnn.py", line 175, in forward
    return forward_call(*input, **kwargs)
  File "/home/bosshf/LASER_GDL/laser/network/dynamic_gnn.py", line 175, in forward
    batch = layer(batch)
  File "/home/bosshf/miniconda/envs/laser/lib/python3.9/site-packages/torch/nn/modules/module.py", line 1051, in _call_impl
    batch = layer(batch)
  File "/home/bosshf/miniconda/envs/laser/lib/python3.9/site-packages/torch/nn/modules/module.py", line 1051, in _call_impl
    return forward_call(*input, **kwargs)
  File "/home/bosshf/LASER_GDL/laser/network/dynamic_gnn.py", line 89, in forward
    return forward_call(*input, **kwargs)
  File "/home/bosshf/LASER_GDL/laser/network/dynamic_gnn.py", line 89, in forward
    batch.edge_attr = get_snapshot_edge_attr(batch, snapshot_idx=snapshot+1)
  File "/home/bosshf/LASER_GDL/laser/rewiring/transform.py", line 46, in get_snapshot_edge_attr
    batch.edge_attr = get_snapshot_edge_attr(batch, snapshot_idx=snapshot+1)
  File "/home/bosshf/LASER_GDL/laser/rewiring/transform.py", line 46, in get_snapshot_edge_attr
    batch = module(batch)
  File "/home/bosshf/miniconda/envs/laser/lib/python3.9/site-packages/torch/nn/modules/module.py", line 1051, in _call_impl
    attr = data.edge_attr[data.edge_weights == snapshot_idx, :]
IndexError: The shape of the mask [141020] at index 0 does not match the shape of the indexed tensor [76164, 3] at index 0
    attr = data.edge_attr[data.edge_weights == snapshot_idx, :]
IndexError: The shape of the mask [141020] at index 0 does not match the shape of the indexed tensor [76164, 3] at index 0
    return forward_call(*input, **kwargs)
  File "/home/bosshf/LASER_GDL/laser/network/dynamic_gnn.py", line 175, in forward
    batch = layer(batch)
  File "/home/bosshf/miniconda/envs/laser/lib/python3.9/site-packages/torch/nn/modules/module.py", line 1051, in _call_impl
    return forward_call(*input, **kwargs)
  File "/home/bosshf/LASER_GDL/laser/network/dynamic_gnn.py", line 89, in forward
    batch.edge_attr = get_snapshot_edge_attr(batch, snapshot_idx=snapshot+1)
  File "/home/bosshf/LASER_GDL/laser/rewiring/transform.py", line 46, in get_snapshot_edge_attr
    attr = data.edge_attr[data.edge_weights == snapshot_idx, :]
IndexError: The shape of the mask [155612] at index 0 does not match the shape of the indexed tensor [84144, 3] at index 0
Traceback (most recent call last):
  File "/home/bosshf/LASER_GDL/main.py", line 187, in <module>
    bs_stats = train_dict[cfg.train.mode](loggers, loaders, model, optimizer,
  File "/home/bosshf/LASER_GDL/laser/train/custom_train.py", line 111, in custom_train
    train_epoch(loggers[0], loaders[0], model, optimizer, scheduler,
  File "/home/bosshf/LASER_GDL/laser/train/custom_train.py", line 26, in train_epoch
    pred, true = model(batch)
  File "/home/bosshf/miniconda/envs/laser/lib/python3.9/site-packages/torch/nn/modules/module.py", line 1051, in _call_impl
    return forward_call(*input, **kwargs)
  File "/home/bosshf/LASER_GDL/laser/network/dynamic_gnn.py", line 215, in forward
    batch = module(batch)
  File "/home/bosshf/miniconda/envs/laser/lib/python3.9/site-packages/torch/nn/modules/module.py", line 1051, in _call_impl
    return forward_call(*input, **kwargs)
  File "/home/bosshf/LASER_GDL/laser/network/dynamic_gnn.py", line 175, in forward
    batch = layer(batch)
  File "/home/bosshf/miniconda/envs/laser/lib/python3.9/site-packages/torch/nn/modules/module.py", line 1051, in _call_impl
    return forward_call(*input, **kwargs)
  File "/home/bosshf/LASER_GDL/laser/network/dynamic_gnn.py", line 89, in forward
    batch.edge_attr = get_snapshot_edge_attr(batch, snapshot_idx=snapshot+1)
  File "/home/bosshf/LASER_GDL/laser/rewiring/transform.py", line 46, in get_snapshot_edge_attr
    attr = data.edge_attr[data.edge_weights == snapshot_idx, :]
IndexError: The shape of the mask [155612] at index 0 does not match the shape of the indexed tensor [84144, 3] at index 0
wandb: Currently logged in as: fabianlucasbosshard (fabianlucasbosshard-zhaw) to https://api.wandb.ai. Use `wandb login --relogin` to force relogin
wandb: Currently logged in as: fabianlucasbosshard (fabianlucasbosshard-zhaw) to https://api.wandb.ai. Use `wandb login --relogin` to force relogin
wandb: Currently logged in as: fabianlucasbosshard (fabianlucasbosshard-zhaw) to https://api.wandb.ai. Use `wandb login --relogin` to force relogin
wandb: setting up run 0d7tbc15
wandb: setting up run jukgnvxt
wandb: setting up run oew04huy
wandb: ERROR Error uploading run: returned error 404: {"data":{"upsertBucket":null},"errors":[{"message":"entity wandb-username not found during upsertBucket","path":["upsertBucket"]}]}
Traceback (most recent call last):
  File "/home/bosshf/LASER_GDL/main.py", line 140, in <module>
    run = wandb.init(entity=cfg.wandb.entity, project=cfg.wandb.project,
  File "/home/bosshf/miniconda/envs/laser/lib/python3.9/site-packages/wandb/sdk/wandb_init.py", line 1594, in init
    get_sentry().reraise(e)
  File "/home/bosshf/miniconda/envs/laser/lib/python3.9/site-packages/wandb/analytics/sentry.py", line 190, in reraise
    raise exc.with_traceback(tb)
  File "/home/bosshf/miniconda/envs/laser/lib/python3.9/site-packages/wandb/sdk/wandb_init.py", line 1577, in init
    run = wi.init(run_settings, run_config, run_printer)
  File "/home/bosshf/miniconda/envs/laser/lib/python3.9/site-packages/wandb/sdk/wandb_init.py", line 1030, in init
    raise error
wandb.errors.errors.CommError: Error uploading run: returned error 404: {"data":{"upsertBucket":null},"errors":[{"message":"entity wandb-username not found during upsertBucket","path":["upsertBucket"]}]}
wandb: ERROR Error uploading run: returned error 404: {"data":{"upsertBucket":null},"errors":[{"message":"entity wandb-username not found during upsertBucket","path":["upsertBucket"]}]}
Traceback (most recent call last):
  File "/home/bosshf/LASER_GDL/main.py", line 140, in <module>
    run = wandb.init(entity=cfg.wandb.entity, project=cfg.wandb.project,
  File "/home/bosshf/miniconda/envs/laser/lib/python3.9/site-packages/wandb/sdk/wandb_init.py", line 1594, in init
    get_sentry().reraise(e)
  File "/home/bosshf/miniconda/envs/laser/lib/python3.9/site-packages/wandb/analytics/sentry.py", line 190, in reraise
    raise exc.with_traceback(tb)
  File "/home/bosshf/miniconda/envs/laser/lib/python3.9/site-packages/wandb/sdk/wandb_init.py", line 1577, in init
    run = wi.init(run_settings, run_config, run_printer)
  File "/home/bosshf/miniconda/envs/laser/lib/python3.9/site-packages/wandb/sdk/wandb_init.py", line 1030, in init
    raise error
wandb.errors.errors.CommError: Error uploading run: returned error 404: {"data":{"upsertBucket":null},"errors":[{"message":"entity wandb-username not found during upsertBucket","path":["upsertBucket"]}]}
wandb: ERROR Error uploading run: returned error 404: {"data":{"upsertBucket":null},"errors":[{"message":"entity wandb-username not found during upsertBucket","path":["upsertBucket"]}]}
Traceback (most recent call last):
  File "/home/bosshf/LASER_GDL/main.py", line 140, in <module>
    run = wandb.init(entity=cfg.wandb.entity, project=cfg.wandb.project,
  File "/home/bosshf/miniconda/envs/laser/lib/python3.9/site-packages/wandb/sdk/wandb_init.py", line 1594, in init
    get_sentry().reraise(e)
  File "/home/bosshf/miniconda/envs/laser/lib/python3.9/site-packages/wandb/analytics/sentry.py", line 190, in reraise
    raise exc.with_traceback(tb)
  File "/home/bosshf/miniconda/envs/laser/lib/python3.9/site-packages/wandb/sdk/wandb_init.py", line 1577, in init
    run = wi.init(run_settings, run_config, run_printer)
  File "/home/bosshf/miniconda/envs/laser/lib/python3.9/site-packages/wandb/sdk/wandb_init.py", line 1030, in init
    raise error
wandb.errors.errors.CommError: Error uploading run: returned error 404: {"data":{"upsertBucket":null},"errors":[{"message":"entity wandb-username not found during upsertBucket","path":["upsertBucket"]}]}
run/run_peptides_laser.sh: line 12: 406779 Segmentation fault      (core dumped) CUDA_VISIBLE_DEVICES=$SEED python main.py --cfg $config device cuda:0 seed $SEED
wandb: Currently logged in as: fabianlucasbosshard (fabianlucasbosshard-zhaw) to https://api.wandb.ai. Use `wandb login --relogin` to force relogin
wandb: Currently logged in as: fabianlucasbosshard (fabianlucasbosshard-zhaw) to https://api.wandb.ai. Use `wandb login --relogin` to force relogin
wandb: Currently logged in as: fabianlucasbosshard (fabianlucasbosshard-zhaw) to https://api.wandb.ai. Use `wandb login --relogin` to force relogin
wandb: Currently logged in as: fabianlucasbosshard (fabianlucasbosshard-zhaw) to https://api.wandb.ai. Use `wandb login --relogin` to force relogin
wandb: setting up run 3o3asxjt
wandb: setting up run n0rr9oye
wandb: setting up run jqtb3z2q
wandb: ERROR Error uploading run: returned error 404: {"data":{"upsertBucket":null},"errors":[{"message":"entity wandb-username not found during upsertBucket","path":["upsertBucket"]}]}
wandb: ERROR Error uploading run: returned error 404: {"data":{"upsertBucket":null},"errors":[{"message":"entity wandb-username not found during upsertBucket","path":["upsertBucket"]}]}
Traceback (most recent call last):
  File "/home/bosshf/LASER_GDL/main.py", line 140, in <module>
    run = wandb.init(entity=cfg.wandb.entity, project=cfg.wandb.project,
  File "/home/bosshf/miniconda/envs/laser/lib/python3.9/site-packages/wandb/sdk/wandb_init.py", line 1594, in init
    get_sentry().reraise(e)
  File "/home/bosshf/miniconda/envs/laser/lib/python3.9/site-packages/wandb/analytics/sentry.py", line 190, in reraise
    raise exc.with_traceback(tb)
  File "/home/bosshf/miniconda/envs/laser/lib/python3.9/site-packages/wandb/sdk/wandb_init.py", line 1577, in init
    run = wi.init(run_settings, run_config, run_printer)
  File "/home/bosshf/miniconda/envs/laser/lib/python3.9/site-packages/wandb/sdk/wandb_init.py", line 1030, in init
    raise error
wandb.errors.errors.CommError: Error uploading run: returned error 404: {"data":{"upsertBucket":null},"errors":[{"message":"entity wandb-username not found during upsertBucket","path":["upsertBucket"]}]}
Traceback (most recent call last):
  File "/home/bosshf/LASER_GDL/main.py", line 140, in <module>
    run = wandb.init(entity=cfg.wandb.entity, project=cfg.wandb.project,
  File "/home/bosshf/miniconda/envs/laser/lib/python3.9/site-packages/wandb/sdk/wandb_init.py", line 1594, in init
    get_sentry().reraise(e)
  File "/home/bosshf/miniconda/envs/laser/lib/python3.9/site-packages/wandb/analytics/sentry.py", line 190, in reraise
    raise exc.with_traceback(tb)
  File "/home/bosshf/miniconda/envs/laser/lib/python3.9/site-packages/wandb/sdk/wandb_init.py", line 1577, in init
    run = wi.init(run_settings, run_config, run_printer)
  File "/home/bosshf/miniconda/envs/laser/lib/python3.9/site-packages/wandb/sdk/wandb_init.py", line 1030, in init
    raise error
wandb.errors.errors.CommError: Error uploading run: returned error 404: {"data":{"upsertBucket":null},"errors":[{"message":"entity wandb-username not found during upsertBucket","path":["upsertBucket"]}]}
wandb: ERROR Error uploading run: returned error 404: {"data":{"upsertBucket":null},"errors":[{"message":"entity wandb-username not found during upsertBucket","path":["upsertBucket"]}]}
Traceback (most recent call last):
  File "/home/bosshf/LASER_GDL/main.py", line 140, in <module>
    run = wandb.init(entity=cfg.wandb.entity, project=cfg.wandb.project,
  File "/home/bosshf/miniconda/envs/laser/lib/python3.9/site-packages/wandb/sdk/wandb_init.py", line 1594, in init
    get_sentry().reraise(e)
  File "/home/bosshf/miniconda/envs/laser/lib/python3.9/site-packages/wandb/analytics/sentry.py", line 190, in reraise
    raise exc.with_traceback(tb)
  File "/home/bosshf/miniconda/envs/laser/lib/python3.9/site-packages/wandb/sdk/wandb_init.py", line 1577, in init
    run = wi.init(run_settings, run_config, run_printer)
  File "/home/bosshf/miniconda/envs/laser/lib/python3.9/site-packages/wandb/sdk/wandb_init.py", line 1030, in init
    raise error
wandb.errors.errors.CommError: Error uploading run: returned error 404: {"data":{"upsertBucket":null},"errors":[{"message":"entity wandb-username not found during upsertBucket","path":["upsertBucket"]}]}
wandb: ERROR Error uploading run: returned error 404: {"data":{"upsertBucket":null},"errors":[{"message":"entity wandb-username not found during upsertBucket","path":["upsertBucket"]}]}
Traceback (most recent call last):
  File "/home/bosshf/LASER_GDL/main.py", line 140, in <module>
    run = wandb.init(entity=cfg.wandb.entity, project=cfg.wandb.project,
  File "/home/bosshf/miniconda/envs/laser/lib/python3.9/site-packages/wandb/sdk/wandb_init.py", line 1594, in init
    get_sentry().reraise(e)
  File "/home/bosshf/miniconda/envs/laser/lib/python3.9/site-packages/wandb/analytics/sentry.py", line 190, in reraise
    raise exc.with_traceback(tb)
  File "/home/bosshf/miniconda/envs/laser/lib/python3.9/site-packages/wandb/sdk/wandb_init.py", line 1577, in init
    run = wi.init(run_settings, run_config, run_printer)
  File "/home/bosshf/miniconda/envs/laser/lib/python3.9/site-packages/wandb/sdk/wandb_init.py", line 1030, in init
    raise error
wandb.errors.errors.CommError: Error uploading run: returned error 404: {"data":{"upsertBucket":null},"errors":[{"message":"entity wandb-username not found during upsertBucket","path":["upsertBucket"]}]}
wandb: Currently logged in as: fabianlucasbosshard (fabianlucasbosshard-zhaw) to https://api.wandb.ai. Use `wandb login --relogin` to force relogin
wandb: Currently logged in as: fabianlucasbosshard (fabianlucasbosshard-zhaw) to https://api.wandb.ai. Use `wandb login --relogin` to force relogin
wandb: Currently logged in as: fabianlucasbosshard (fabianlucasbosshard-zhaw) to https://api.wandb.ai. Use `wandb login --relogin` to force relogin
wandb: Currently logged in as: fabianlucasbosshard (fabianlucasbosshard-zhaw) to https://api.wandb.ai. Use `wandb login --relogin` to force relogin
wandb: setting up run dx6k3yvw
wandb: setting up run lpsvwlpo
wandb: setting up run ze9mkcz2
wandb: setting up run uypweee1
wandb: ERROR Error uploading run: returned error 404: {"data":{"upsertBucket":null},"errors":[{"message":"entity wandb-username not found during upsertBucket","path":["upsertBucket"]}]}
Traceback (most recent call last):
  File "/home/bosshf/LASER_GDL/main.py", line 140, in <module>
    run = wandb.init(entity=cfg.wandb.entity, project=cfg.wandb.project,
  File "/home/bosshf/miniconda/envs/laser/lib/python3.9/site-packages/wandb/sdk/wandb_init.py", line 1594, in init
    get_sentry().reraise(e)
  File "/home/bosshf/miniconda/envs/laser/lib/python3.9/site-packages/wandb/analytics/sentry.py", line 190, in reraise
    raise exc.with_traceback(tb)
  File "/home/bosshf/miniconda/envs/laser/lib/python3.9/site-packages/wandb/sdk/wandb_init.py", line 1577, in init
    run = wi.init(run_settings, run_config, run_printer)
  File "/home/bosshf/miniconda/envs/laser/lib/python3.9/site-packages/wandb/sdk/wandb_init.py", line 1030, in init
    raise error
wandb.errors.errors.CommError: Error uploading run: returned error 404: {"data":{"upsertBucket":null},"errors":[{"message":"entity wandb-username not found during upsertBucket","path":["upsertBucket"]}]}
wandb: ERROR Error uploading run: returned error 404: {"data":{"upsertBucket":null},"errors":[{"message":"entity wandb-username not found during upsertBucket","path":["upsertBucket"]}]}
wandb: ERROR Error uploading run: returned error 404: {"data":{"upsertBucket":null},"errors":[{"message":"entity wandb-username not found during upsertBucket","path":["upsertBucket"]}]}
wandb: ERROR Error uploading run: returned error 404: {"data":{"upsertBucket":null},"errors":[{"message":"entity wandb-username not found during upsertBucket","path":["upsertBucket"]}]}
Traceback (most recent call last):
  File "/home/bosshf/LASER_GDL/main.py", line 140, in <module>
    run = wandb.init(entity=cfg.wandb.entity, project=cfg.wandb.project,
  File "/home/bosshf/miniconda/envs/laser/lib/python3.9/site-packages/wandb/sdk/wandb_init.py", line 1594, in init
    get_sentry().reraise(e)
  File "/home/bosshf/miniconda/envs/laser/lib/python3.9/site-packages/wandb/analytics/sentry.py", line 190, in reraise
    raise exc.with_traceback(tb)
  File "/home/bosshf/miniconda/envs/laser/lib/python3.9/site-packages/wandb/sdk/wandb_init.py", line 1577, in init
    run = wi.init(run_settings, run_config, run_printer)
  File "/home/bosshf/miniconda/envs/laser/lib/python3.9/site-packages/wandb/sdk/wandb_init.py", line 1030, in init
    raise error
wandb.errors.errors.CommError: Error uploading run: returned error 404: {"data":{"upsertBucket":null},"errors":[{"message":"entity wandb-username not found during upsertBucket","path":["upsertBucket"]}]}
Traceback (most recent call last):
  File "/home/bosshf/LASER_GDL/main.py", line 140, in <module>
    run = wandb.init(entity=cfg.wandb.entity, project=cfg.wandb.project,
  File "/home/bosshf/miniconda/envs/laser/lib/python3.9/site-packages/wandb/sdk/wandb_init.py", line 1594, in init
    get_sentry().reraise(e)
  File "/home/bosshf/miniconda/envs/laser/lib/python3.9/site-packages/wandb/analytics/sentry.py", line 190, in reraise
    raise exc.with_traceback(tb)
  File "/home/bosshf/miniconda/envs/laser/lib/python3.9/site-packages/wandb/sdk/wandb_init.py", line 1577, in init
    run = wi.init(run_settings, run_config, run_printer)
  File "/home/bosshf/miniconda/envs/laser/lib/python3.9/site-packages/wandb/sdk/wandb_init.py", line 1030, in init
    raise error
wandb.errors.errors.CommError: Error uploading run: returned error 404: {"data":{"upsertBucket":null},"errors":[{"message":"entity wandb-username not found during upsertBucket","path":["upsertBucket"]}]}
Traceback (most recent call last):
  File "/home/bosshf/LASER_GDL/main.py", line 140, in <module>
    run = wandb.init(entity=cfg.wandb.entity, project=cfg.wandb.project,
  File "/home/bosshf/miniconda/envs/laser/lib/python3.9/site-packages/wandb/sdk/wandb_init.py", line 1594, in init
    get_sentry().reraise(e)
  File "/home/bosshf/miniconda/envs/laser/lib/python3.9/site-packages/wandb/analytics/sentry.py", line 190, in reraise
    raise exc.with_traceback(tb)
  File "/home/bosshf/miniconda/envs/laser/lib/python3.9/site-packages/wandb/sdk/wandb_init.py", line 1577, in init
    run = wi.init(run_settings, run_config, run_printer)
  File "/home/bosshf/miniconda/envs/laser/lib/python3.9/site-packages/wandb/sdk/wandb_init.py", line 1030, in init
    raise error
wandb.errors.errors.CommError: Error uploading run: returned error 404: {"data":{"upsertBucket":null},"errors":[{"message":"entity wandb-username not found during upsertBucket","path":["upsertBucket"]}]}
